<dec f='expat-2.6.2/tests/handlers.h' l='575' type='const XML_Char *'/>
<offset>0</offset>
<use f='expat-2.6.2/tests/basic_tests.c' l='5174' u='r' c='test_default_doctype_handler'/>
<use f='expat-2.6.2/tests/handlers.c' l='1918' u='r' c='checking_default_handler'/>
<use f='expat-2.6.2/tests/handlers.c' l='1920' u='r' c='checking_default_handler'/>
